{
  "name" : "hhcell",
  "type" : "cell",
  "comment" : "Not adding rest of cell definition in JSON as it is of type <cell>",
  "parameters" : { }
}