{
  "dt" : "0.049999997",
  "seed" : "123456789",
  "name" : "net1",
  "synapses" : { },
  "populations" : {
    "hhpop" : {
      "size" : "1",
      "component" : {
        "name" : "hhcell",
        "type" : "cell",
        "comment" : "Not adding rest of cell definition in JSON as it is of type <cell>",
        "parameters" : { }
      }
    }
  },
  "inputs" : {
    "pulseGen10" : {
      "population" : "hhpop",
      "population_index" : "0",
      "component" : {
        "name" : "pulseGen1",
        "type" : "pulseGenerator",
        "dynamics" : { },
        "events" : [ {
          "name" : "t__lt__delay",
          "condition" : "t - (delay)",
          "direction" : "-",
          "effect" : {
            "state" : {
              "i" : "0"
            }
          }
        }, {
          "name" : "t__geq__delay__and__t__lt__duration_+_delay",
          "condition" : "t - (delay .and. t)",
          "direction" : "+",
          "effect" : {
            "state" : {
              "i" : "weight * amplitude"
            }
          }
        }, {
          "name" : "t__geq__duration_+_delay",
          "condition" : "t - (duration + delay)",
          "direction" : "+",
          "effect" : {
            "state" : {
              "i" : "0"
            }
          }
        }, {
          "name" : "in",
          "condition" : "EVENT_ON_PORT__in",
          "effect" : {
            "state" : { }
          }
        } ],
        "parameters" : {
          "delay" : "0.0",
          "duration" : "9.9999998E10",
          "amplitude" : "0.08"
        },
        "state" : {
          "i" : "0"
        },
        "state_functions" : { }
      }
    }
  },
  "t_end" : "1000.0",
  "t_start" : "0",
  "output_file" : [ ],
  "display" : [ ],
  "comment" : "    This DLems file has been generated by org.neuroml.export (see https://github.com/NeuroML/org.neuroml.export)\n         org.neuroml.export  v1.5.2\n         org.neuroml.model   v1.5.2\n         jLEMS               v0.9.8.9"
}