{
  "name" : "pulseGen1",
  "type" : "pulseGenerator",
  "dynamics" : { },
  "events" : [ {
    "name" : "t__lt__delay",
    "condition" : "t - (delay)",
    "direction" : "-",
    "effect" : {
      "state" : {
        "i" : "0"
      }
    }
  }, {
    "name" : "t__geq__delay__and__t__lt__duration_+_delay",
    "condition" : "t - (delay .and. t)",
    "direction" : "+",
    "effect" : {
      "state" : {
        "i" : "weight * amplitude"
      }
    }
  }, {
    "name" : "t__geq__duration_+_delay",
    "condition" : "t - (duration + delay)",
    "direction" : "+",
    "effect" : {
      "state" : {
        "i" : "0"
      }
    }
  }, {
    "name" : "in",
    "condition" : "EVENT_ON_PORT__in",
    "effect" : {
      "state" : { }
    }
  } ],
  "parameters" : {
    "delay" : "0.0",
    "duration" : "9.9999998E10",
    "amplitude" : "0.08"
  },
  "state" : {
    "i" : "0"
  },
  "state_functions" : { }
}