<Lems> 
<!-- Specify which component to run -->
    <Target component="sim1"/>
    
    <!-- Include core NeuroML2 ComponentType definitions -->
    <Include file="Cells.xml"/>
    <Include file="Networks.xml"/>
    <Include file="Simulation.xml"/>

    <Include file="NET_net1.net.nml"/>

<Simulation id="sim1" target="net1" length="1.0s" step="5.0E-5s"/>

</Lems>